mean reward values: 0.011863426305353642
loss: 0.018817273899912834
Counter({'1/2-1/2': 32})
Save Checkpoint
mean reward values: 0.02142857201397419
loss: 0.040620021522045135
Counter({'1/2-1/2': 32})
mean reward values: 0.01597222313284874
loss: 0.02909623458981514
Counter({'1/2-1/2': 32})
mean reward values: 0.01525297574698925
loss: 0.0251630712300539
Counter({'1/2-1/2': 32})
mean reward values: 0.0319010429084301
loss: 0.06075599417090416
Counter({'1/2-1/2': 32})
mean reward values: 0.023706896230578423
loss: 0.04132760688662529
Counter({'1/2-1/2': 32})
mean reward values: 0.02135416679084301
loss: 0.034418102353811264
Counter({'1/2-1/2': 32})
mean reward values: 0.02130681835114956
loss: 0.037340324372053146
Counter({'1/2-1/2': 32})
mean reward values: 0.01953125
loss: 0.025058312341570854
Counter({'1/2-1/2': 32})
mean reward values: 0.01605902798473835
loss: 0.023345818743109703
Counter({'1/2-1/2': 32})
mean reward values: 0.02001953125
loss: 0.03262731805443764
Counter({'1/2-1/2': 32})
Save Checkpoint
mean reward values: 0.028409091755747795
loss: 0.04107321426272392
Counter({'1/2-1/2': 32})
mean reward values: 0.01785714365541935
loss: 0.029136525467038155
Counter({'1/2-1/2': 32})
mean reward values: 0.0329861119389534
loss: 0.06654590368270874
Counter({'1/2-1/2': 32})
mean reward values: 0.034646738320589066
loss: 0.06324610859155655
Counter({'1/2-1/2': 32})
mean reward values: 0.02976190485060215
loss: 0.038972608745098114
Counter({'1/2-1/2': 32})
mean reward values: 0.031960226595401764
loss: 0.053703032433986664
Counter({'1/2-1/2': 32})
mean reward values: 0.03984374925494194
loss: 0.07261073589324951
Counter({'1/2-1/2': 32})
mean reward values: 0.03865131735801697
loss: 0.0633651539683342
Counter({'1/2-1/2': 32})
mean reward values: 0.036221589893102646
loss: 0.06809869408607483
Counter({'1/2-1/2': 32})
mean reward values: 0.0342261902987957
loss: 0.056739404797554016
Counter({'1/2-1/2': 32})
Save Checkpoint
mean reward values: 0.02297794073820114
loss: 0.05446238815784454
Counter({'1/2-1/2': 32})
mean reward values: 0.02083333395421505
loss: 0.04465965926647186
Counter({'1/2-1/2': 32})
mean reward values: 0.03984374925494194
loss: 0.07079662382602692
Counter({'1/2-1/2': 32})
mean reward values: 0.030092593282461166
loss: 0.06127044931054115
Counter({'1/2-1/2': 32})
mean reward values: 0.0219594594091177
loss: 0.04890189319849014
Counter({'1/2-1/2': 32})
mean reward values: 0.0325520820915699
loss: 0.0587298721075058
Counter({'1/2-1/2': 32})
mean reward values: 0.02297794073820114
loss: 0.04670744016766548
Counter({'1/2-1/2': 32})
mean reward values: 0.02968749962747097
loss: 0.06222280487418175
Counter({'1/2-1/2': 32})
mean reward values: 0.01805555634200573
loss: 0.03785388916730881
Counter({'1/2-1/2': 32})
mean reward values: 0.019847972318530083
loss: 0.038221392780542374
Counter({'1/2-1/2': 32})
Save Checkpoint
mean reward values: 0.021484375
loss: 0.03706156834959984
Counter({'1/2-1/2': 32})
mean reward values: 0.021484375
loss: 0.036846745759248734
Counter({'1/2-1/2': 32})
mean reward values: 0.016262754797935486
loss: 0.03254694864153862
Counter({'1/2-1/2': 32})
mean reward values: 0.014973958022892475
loss: 0.02768775261938572
Counter({'1/2-1/2': 32})
mean reward values: 0.011888586916029453
loss: 0.01587909646332264
Counter({'1/2-1/2': 32})
mean reward values: 0.017463235184550285
loss: 0.02572854794561863
Counter({'1/2-1/2': 32})
mean reward values: 0.018841911107301712
loss: 0.03098209761083126
Counter({'1/2-1/2': 32})
mean reward values: 0.016858553513884544
loss: 0.028164781630039215
Counter({'1/2-1/2': 32})
mean reward values: 0.027853261679410934
loss: 0.044235046952962875
Counter({'1/2-1/2': 32})
mean reward values: 0.022235576063394547
loss: 0.03159693628549576
Counter({'1/2-1/2': 32})
Save Checkpoint
mean reward values: 0.02901785634458065
loss: 0.04374082386493683
Counter({'1/2-1/2': 32})
mean reward values: 0.03736412897706032
loss: 0.07691363990306854
Counter({'1/2-1/2': 32})
mean reward values: 0.023777173832058907
loss: 0.030302399769425392
Counter({'1/2-1/2': 32})
mean reward values: 0.029829544946551323
loss: 0.046990767121315
Counter({'1/2-1/2': 32})
mean reward values: 0.018895348533988
loss: 0.040693264454603195
Counter({'1/2-1/2': 32})
mean reward values: 0.01522435899823904
loss: 0.02291221171617508
Counter({'1/2-1/2': 32})
mean reward values: 0.015625
loss: 0.02693106047809124
Counter({'1/2-1/2': 32})
mean reward values: 0.01942567527294159
loss: 0.03507925197482109
Counter({'1/2-1/2': 32})
mean reward values: 0.012812499888241291
loss: 0.021643362939357758
Counter({'1/2-1/2': 32})
mean reward values: 0.01651785708963871
loss: 0.02368108741939068
Counter({'1/2-1/2': 32})
Save Checkpoint
mean reward values: 0.029999999329447746
loss: 0.05561220645904541
Counter({'1/2-1/2': 32})
mean reward values: 0.01875000074505806
loss: 0.034988805651664734
Counter({'1/2-1/2': 32})
mean reward values: 0.020198170095682144
loss: 0.04174946993589401
Counter({'1/2-1/2': 32})
mean reward values: 0.021484375
loss: 0.03714996576309204
Counter({'1/2-1/2': 32})
mean reward values: 0.01599702425301075
loss: 0.02827654592692852
Counter({'1/2-1/2': 32})
mean reward values: 0.03125
loss: 0.0653868168592453
Counter({'1/2-1/2': 32})
mean reward values: 0.028935184702277184
loss: 0.05577389895915985
Counter({'1/2-1/2': 32})
mean reward values: 0.01979166641831398
loss: 0.02830156311392784
Counter({'1/2-1/2': 32})
mean reward values: 0.021537162363529205
loss: 0.04300033673644066
Counter({'1/2-1/2': 32})
mean reward values: 0.0203993059694767
loss: 0.03773633763194084
Counter({'1/2-1/2': 32})
Save Checkpoint
mean reward values: 0.02163461595773697
loss: 0.028751207515597343
Counter({'1/2-1/2': 32})
mean reward values: 0.012890624813735485
loss: 0.016080643981695175
Counter({'1/2-1/2': 32})
mean reward values: 0.01515151560306549
loss: 0.016974279657006264
Counter({'1/2-1/2': 32})
mean reward values: 0.0173611119389534
loss: 0.034387730062007904
Counter({'1/2-1/2': 32})
mean reward values: 0.021792763844132423
loss: 0.04465409740805626
Counter({'1/2-1/2': 32})
mean reward values: 0.01628989353775978
loss: 0.03259749710559845
Counter({'1/2-1/2': 32})
mean reward values: 0.01805555634200573
loss: 0.03673931211233139
Counter({'1/2-1/2': 32})
mean reward values: 0.01904296875
loss: 0.029068244621157646
Counter({'1/2-1/2': 32})
mean reward values: 0.02142857201397419
loss: 0.0407315231859684
Counter({'1/2-1/2': 32})
mean reward values: 0.015625
loss: 0.02058536931872368
Counter({'1/2-1/2': 32})
Save Checkpoint
mean reward values: 0.010869565419852734
loss: 0.021657362580299377
Counter({'1/2-1/2': 32})
mean reward values: 0.013630319386720657
loss: 0.022838110104203224
Counter({'1/2-1/2': 32})
mean reward values: 0.0243055559694767
loss: 0.05175306648015976
Counter({'1/2-1/2': 32})
mean reward values: 0.02120535634458065
loss: 0.03135974332690239
Counter({'1/2-1/2': 32})
mean reward values: 0.01785714365541935
loss: 0.034137412905693054
Counter({'1/2-1/2': 32})
mean reward values: 0.0234375
loss: 0.048349421471357346
Counter({'1/2-1/2': 32})
mean reward values: 0.01875000074505806
loss: 0.03136215731501579
Counter({'1/2-1/2': 32})
mean reward values: 0.02387152798473835
loss: 0.050257667899131775
Counter({'1/2-1/2': 32})
mean reward values: 0.019631410017609596
loss: 0.038126930594444275
Counter({'1/2-1/2': 32})
mean reward values: 0.021233974024653435
loss: 0.04378506913781166
Counter({'1/2-1/2': 32})
Save Checkpoint
mean reward values: 0.01627604104578495
loss: 0.03172169253230095
Counter({'1/2-1/2': 29, '1-0': 3})
mean reward values: 0.0224609375
loss: 0.04093894734978676
Counter({'1/2-1/2': 31, '1-0': 1})
mean reward values: 0.01097074430435896
loss: 0.01360675785690546
Counter({'1/2-1/2': 31, '1-0': 1})
mean reward values: 0.01651785708963871
loss: 0.023754313588142395
Counter({'1/2-1/2': 31, '1-0': 1})
mean reward values: 0.015277777798473835
loss: 0.02671055868268013
Counter({'1/2-1/2': 29, '1-0': 3})
mean reward values: 0.017922794446349144
loss: 0.026639321818947792
Counter({'1/2-1/2': 32})
mean reward values: 0.013849431648850441
loss: 0.021909581497311592
Counter({'1/2-1/2': 32})
mean reward values: 0.01676829345524311
loss: 0.030341962352395058
Counter({'1/2-1/2': 32})
mean reward values: 0.01976102963089943
loss: 0.03435155004262924
Counter({'1/2-1/2': 32})
mean reward values: 0.02083333395421505
loss: 0.0417378731071949
Counter({'1/2-1/2': 32})
Save Checkpoint
mean reward values: 0.030092593282461166
loss: 0.05753838270902634
Counter({'1/2-1/2': 32})
mean reward values: 0.02957589365541935
loss: 0.05972908064723015
Counter({'1/2-1/2': 32})
mean reward values: 0.021233974024653435
loss: 0.043865371495485306
Counter({'1/2-1/2': 32})
mean reward values: 0.02509469725191593
loss: 0.05148499831557274
Counter({'1/2-1/2': 32})
mean reward values: 0.0401785708963871
loss: 0.08215857297182083
Counter({'1/2-1/2': 32})
mean reward values: 0.028846153989434242
loss: 0.054314274340867996
Counter({'1/2-1/2': 32})
mean reward values: 0.015625
loss: 0.03116648644208908
Counter({'1/2-1/2': 32})
mean reward values: 0.032608695328235626
loss: 0.060112498700618744
Counter({'1/2-1/2': 32})
mean reward values: 0.026400862261652946
loss: 0.04987873136997223
Counter({'1/2-1/2': 32})
mean reward values: 0.0349702388048172
loss: 0.06274943053722382
Counter({'1/2-1/2': 32})
Save Checkpoint
mean reward values: 0.02447916753590107
loss: 0.04311796650290489
Counter({'1/2-1/2': 32})
mean reward values: 0.030570652335882187
loss: 0.05200981721282005
Counter({'1/2-1/2': 32})
mean reward values: 0.02812499925494194
loss: 0.049286991357803345
Counter({'1/2-1/2': 32})
mean reward values: 0.02799479104578495
loss: 0.04664510488510132
Counter({'1/2-1/2': 32})
mean reward values: 0.0379464291036129
loss: 0.07235844433307648
Counter({'1/2-1/2': 32})
mean reward values: 0.0166015625
loss: 0.020074300467967987
Counter({'1/2-1/2': 32})
mean reward values: 0.02473958395421505
loss: 0.03509796783328056
Counter({'1/2-1/2': 32})
mean reward values: 0.02734375
loss: 0.043184101581573486
Counter({'1/2-1/2': 32})
mean reward values: 0.027138158679008484
loss: 0.030274083837866783
Counter({'1/2-1/2': 32})
mean reward values: 0.02578124962747097
loss: 0.02867879346013069
Counter({'1/2-1/2': 32})
Save Checkpoint
mean reward values: 0.0252976194024086
loss: 0.030953239649534225
Counter({'1/2-1/2': 32})
mean reward values: 0.02604166604578495
loss: 0.03319665044546127
Counter({'1/2-1/2': 32})
mean reward values: 0.025624999776482582
loss: 0.040244702249765396
Counter({'1/2-1/2': 32})
mean reward values: 0.025815216824412346
loss: 0.03674212843179703
Counter({'1/2-1/2': 32})
mean reward values: 0.027173912152647972
loss: 0.040831126272678375
Counter({'1/2-1/2': 32})
mean reward values: 0.026988636702299118
loss: 0.0380086749792099
Counter({'1/2-1/2': 32})
mean reward values: 0.0275297611951828
loss: 0.03599295765161514
Counter({'1/2-1/2': 32})
mean reward values: 0.03216911852359772
loss: 0.03651990741491318
Counter({'1/2-1/2': 32})
mean reward values: 0.02217741869390011
loss: 0.04057510569691658
Counter({'1/2-1/2': 32})
mean reward values: 0.021412037312984467
loss: 0.031238479539752007
Counter({'1/2-1/2': 32})
Save Checkpoint
mean reward values: 0.02408854104578495
loss: 0.03308281674981117
Counter({'1/2-1/2': 32})
mean reward values: 0.02678571455180645
loss: 0.03427102044224739
Counter({'1/2-1/2': 32})
mean reward values: 0.020254628732800484
loss: 0.026718486100435257
Counter({'1/2-1/2': 32})
mean reward values: 0.02631578966975212
loss: 0.02580081857740879
Counter({'1/2-1/2': 32})
mean reward values: 0.020474137738347054
loss: 0.03072628751397133
Counter({'1/2-1/2': 32})
mean reward values: 0.01983173005282879
loss: 0.023546993732452393
Counter({'1/2-1/2': 32})
mean reward values: 0.01778017170727253
loss: 0.021301375702023506
Counter({'1/2-1/2': 32})
mean reward values: 0.021484375
loss: 0.02487500198185444
Counter({'1/2-1/2': 32})
mean reward values: 0.016633065417408943
loss: 0.02061837539076805
Counter({'1/2-1/2': 32})
mean reward values: 0.021739130839705467
loss: 0.02307058498263359
Counter({'1/2-1/2': 32})
Save Checkpoint
mean reward values: 0.023097826167941093
loss: 0.027807943522930145
Counter({'1/2-1/2': 32})
mean reward values: 0.0166015625
loss: 0.02082849107682705
Counter({'1/2-1/2': 32})
mean reward values: 0.024884259328246117
loss: 0.041401855647563934
Counter({'1/2-1/2': 32})
mean reward values: 0.026875000447034836
loss: 0.04474377632141113
Counter({'1/2-1/2': 32})
mean reward values: 0.017045455053448677
loss: 0.023313356563448906
Counter({'1/2-1/2': 32})
mean reward values: 0.02649456448853016
loss: 0.03885464742779732
Counter({'1/2-1/2': 32})
mean reward values: 0.0252976194024086
loss: 0.029815061017870903
Counter({'1/2-1/2': 32})
mean reward values: 0.014358107931911945
loss: 0.018444499000906944
Counter({'1/2-1/2': 32})
mean reward values: 0.01718750037252903
loss: 0.020482784137129784
Counter({'1/2-1/2': 32})
mean reward values: 0.01904296875
loss: 0.029135720804333687
Counter({'1/2-1/2': 32})
Save Checkpoint
mean reward values: 0.024884259328246117
loss: 0.04174778610467911
Counter({'1/2-1/2': 32})
mean reward values: 0.013849431648850441
loss: 0.022051852196455002
Counter({'1/2-1/2': 32})
mean reward values: 0.01875000074505806
loss: 0.025928588584065437
Counter({'1/2-1/2': 32})
mean reward values: 0.013297872617840767
loss: 0.021680619567632675
Counter({'1/2-1/2': 32})
mean reward values: 0.015213815495371819
loss: 0.022059326991438866
Counter({'1/2-1/2': 32})
mean reward values: 0.01885775849223137
loss: 0.02441520243883133
Counter({'1/2-1/2': 32})
mean reward values: 0.01930147036910057
loss: 0.031793709844350815
Counter({'1/2-1/2': 32})
mean reward values: 0.024038461968302727
loss: 0.03745673596858978
Counter({'1/2-1/2': 32})
mean reward values: 0.01696428656578064
loss: 0.025549432262778282
Counter({'1/2-1/2': 32})
mean reward values: 0.026278408244252205
loss: 0.03614147752523422
Counter({'1/2-1/2': 32})
Save Checkpoint
mean reward values: 0.025624999776482582
loss: 0.039383694529533386
Counter({'1/2-1/2': 32})
mean reward values: 0.022235576063394547
loss: 0.030513353645801544
Counter({'1/2-1/2': 32})
mean reward values: 0.0243055559694767
loss: 0.03970271721482277
Counter({'1/2-1/2': 32})
mean reward values: 0.022836538031697273
loss: 0.032562609761953354
Counter({'1/2-1/2': 32})
mean reward values: 0.02604166604578495
loss: 0.03789687156677246
Counter({'1/2-1/2': 32})
mean reward values: 0.01403061207383871
loss: 0.026919465512037277
Counter({'1/2-1/2': 32})
mean reward values: 0.021484375
loss: 0.0371130108833313
Counter({'1/2-1/2': 32})
mean reward values: 0.016858553513884544
loss: 0.02881547622382641
Counter({'1/2-1/2': 32})
mean reward values: 0.020665323361754417
loss: 0.033356793224811554
Counter({'1/2-1/2': 32})
mean reward values: 0.018581081181764603
loss: 0.03277761489152908
Counter({'1/2-1/2': 31, '1-0': 1})
Save Checkpoint
mean reward values: 0.023749999701976776
loss: 0.03483831509947777
Counter({'1/2-1/2': 32})
mean reward values: 0.02083333395421505
loss: 0.027995670214295387
Counter({'1/2-1/2': 32})
mean reward values: 0.023148147389292717
loss: 0.035455770790576935
Counter({'1/2-1/2': 32})
mean reward values: 0.023148147389292717
loss: 0.03635469824075699
Counter({'1/2-1/2': 32})
mean reward values: 0.0234375
loss: 0.037383560091257095
Counter({'1/2-1/2': 32})
mean reward values: 0.010795454494655132
loss: 0.017837202176451683
Counter({'1/2-1/2': 32})
mean reward values: 0.016447369009256363
loss: 0.026219675317406654
Counter({'1/2-1/2': 32})
mean reward values: 0.0217013880610466
loss: 0.04247967153787613
Counter({'1/2-1/2': 32})
mean reward values: 0.03125
loss: 0.06222724914550781
Counter({'1/2-1/2': 32})
mean reward values: 0.02083333395421505
loss: 0.04166419804096222
Counter({'1/2-1/2': 32})
Save Checkpoint
mean reward values: 0.019435975700616837
loss: 0.03864041715860367
Counter({'1/2-1/2': 32})
mean reward values: 0.016225961968302727
loss: 0.03436519205570221
Counter({'1/2-1/2': 32})
mean reward values: 0.009999999776482582
loss: 0.01944238319993019
Counter({'1/2-1/2': 32})
mean reward values: 0.01506696455180645
loss: 0.0314808189868927
Counter({'1/2-1/2': 32})
mean reward values: 0.01590401865541935
loss: 0.03468110412359238
Counter({'1/2-1/2': 32})
mean reward values: 0.018176021054387093
loss: 0.039567310363054276
Counter({'1/2-1/2': 32})
mean reward values: 0.011666666716337204
loss: 0.02539043501019478
Counter({'1/2-1/2': 32})
mean reward values: 0.012984154745936394
loss: 0.02879411354660988
Counter({'1/2-1/2': 32})
mean reward values: 0.009583333507180214
loss: 0.017999527975916862
Counter({'1/2-1/2': 32})
mean reward values: 0.011600378900766373
loss: 0.022808818146586418
Counter({'1/2-1/2': 32})
Save Checkpoint
mean reward values: 0.011314654722809792
loss: 0.0185064896941185
Counter({'1/2-1/2': 32})
mean reward values: 0.0397135429084301
loss: 0.03827514871954918
Counter({'1/2-1/2': 32})
mean reward values: 0.014285714365541935
loss: 0.007806986570358276
Counter({'1/2-1/2': 32})
mean reward values: 0.021739130839705467
loss: 0.01149605493992567
Counter({'1/2-1/2': 32})
mean reward values: 0.015625
loss: 0.008566933684051037
Counter({'1/2-1/2': 32})
mean reward values: 0.009828628972172737
loss: 0.015407134778797626
Counter({'1/2-1/2': 32})
mean reward values: 0.010912698693573475
loss: 0.019527260214090347
Counter({'1/2-1/2': 32})
mean reward values: 0.012812499888241291
loss: 0.0211299080401659
Counter({'1/2-1/2': 32})
mean reward values: 0.01227678544819355
loss: 0.02196408249437809
Counter({'1/2-1/2': 32})
mean reward values: 0.021792763844132423
loss: 0.04298502579331398
Counter({'1/2-1/2': 32})
Save Checkpoint
mean reward values: 0.017314190044999123
loss: 0.027500584721565247
Counter({'1/2-1/2': 32})
mean reward values: 0.01676829345524311
loss: 0.02986469864845276
Counter({'1/2-1/2': 32})
mean reward values: 0.02389705926179886
loss: 0.048311419785022736
Counter({'1/2-1/2': 32})
